Script started on Wed 20 Feb 2019 11:28:59 AM EST
bmg23@gold29:~/214/projects/03$ cat Switch.adb
cat: Switch.adb: No such file or directory
bmg23@gold29:~/214/projects/03$ gnatmake Swei[K[Kitch.adb
gnatmake: "Switch.adb" not found
bmg23@gold29:~/214/projects/03$ /[K./Switch
bash: ./Switch: No such file or directory
bmg23@gold29:~/214/projects/03$ ./Switch.adb
bash: ./Switch.adb: No such file or directory
bmg23@gold29:~/214/projects/03$ ./Switch.adb[Kgnatmake Switch.adb[1Pwitch.adbawitch.adb[1Pitch.adb[1Pitch.adbsitch.adbwitch.adb
gcc-5 -c switch.adb
gnatbind-5 -x switch.ali
gnatlink-5 switch.ali
bmg23@gold29:~/214/projects/03$ ./switch

Enter the average grade: 100

Letter grade: A
bmg23@gold29:~/214/projects/03$ ./switch

Enter the average grade: 95

Letter grade: A
bmg23@gold29:~/214/projects/03$ ./switch

Enter the average grade: 85

Letter grade: B
bmg23@gold29:~/214/projects/03$ ./switch

Enter the average grade: 75

Letter grade: C
bmg23@gold29:~/214/projects/03$ ./switch

Enter the average grade: 65

Letter grade: D
bmg23@gold29:~/214/projects/03$ ./switch

Enter the average grade: 55

Letter grade: F
bmg23@gold29:~/214/projects/03$ exit

Script done on Wed 20 Feb 2019 11:30:12 AM EST
Script started on Wed 20 Feb 2019 11:33:11 AM EST
bmg23@gold29:~/214/projects/03$ cd clojure/src
bmg23@gold29:~/214/projects/03/clojure/src$ cat clok[K[K[K[Kswitch.clj
;;switch.clj
;; Author: Brian Goins (bmg23)
;; Date: 2/16/2019
;;;;;;;;;;;;;;;;;;;;;;;;;;;;;;

(ns switch)


;;;;;;;;;;;;;;;;;;;;;;;;;;;;;;;;;;;;;;;;;;;;
;;Function letterGrade
;;Input: average grade, Integer
;;Output: letter grade, string
;;Uses case statement to return letter grade.
;;;;;;;;;;;;;;;;;;;;;;;;;;;;;;;;;;;;;;;;;;;;;

(defn letterGrade [average]
    (cond
        (= (int (/ average 10)) 10)           "A"
        (= (int (/ average 10)) 9)             "A"
        (= (int (/ average 10)) 8)             "B"
        (= (int (/ average 10)) 7)             "C"
        (= (int (/ average 10)) 6)             "D"
        :else                                  "F"      
    )
)

(defn -main []
    (print "\nEnter the average grade: ")
    (flush)
    (let
        [ avgGrade (read) ]

        (print "\nLetter Grade: ")
        (print (letterGrade avgGrade))
        (print "\n") (flush)
    
    )
)bmg23@gold29:~/214/projects/03/clojure/src$ cd ..
bmg23@gold29:~/214/projects/03/clojure$ clojure -m switch.cl[K[K[K

Enter the average grade: 100

Letter Grade: A
bmg23@gold29:~/214/projects/03/clojure$ clojure -m switch

Enter the average grade: 95

Letter Grade: A
bmg23@gold29:~/214/projects/03/clojure$ clojure -m switch

Enter the average grade: 85

Letter Grade: B
bmg23@gold29:~/214/projects/03/clojure$ clojure -m switch

Enter the average grade: 75

Letter Grade: C
bmg23@gold29:~/214/projects/03/clojure$ clojure -m switch

Enter the average grade: 65

Letter Grade: D
bmg23@gold29:~/214/projects/03/clojure$ clojure -m switch

Enter the average grade: 55

Letter Grade: F
bmg23@gold29:~/214/projects/03/clojure$ exit

Script done on Wed 20 Feb 2019 11:34:02 AM EST
Script started on Wed 20 Feb 2019 11:28:13 AM EST
bmg23@gold29:~/214/projects/03$ javac Switch.java
bmg23@gold29:~/214/projects/03$ cat Switch.java
/*switch.java 
 * Author: Brian Goins (bmg23)
 * Date: 2/16/2019 
 */ 

import java.util.Scanner; 

 public class Switch {

    public static void main(String[] args) {

        System.out.print("\nEnter the average grade: "); 
        
        Scanner keyboard = new Scanner(System.in); 
        
        int avg = keyboard.nextInt(); 
        System.out.println("\nLetter grade: " + letterGrade(avg));

        keyboard.close();
        
    }

    public static Character letterGrade(int average) {
        switch (average / 10) {
            case 10: case 9:
                return 'A'; 
            case 8: 
                return 'B'; 
            case 7:
                return 'C'; 
            case 6: 
                return 'D'; 
            default:
                return 'F'; 
            
        }
    }







 }bmg23@gold29:~/214/projects/03$ java Switch

Enter the average grade: 100

Letter grade: A
bmg23@gold29:~/214/projects/03$ java Switch

Enter the average grade: 95

Letter grade: A
bmg23@gold29:~/214/projects/03$ java Switch

Enter the average grade: 85

Letter grade: B
bmg23@gold29:~/214/projects/03$ java Switch

Enter the average grade: 5

Letter grade: F
bmg23@gold29:~/214/projects/03$ java Switch

Enter the average grade: 75

Letter grade: C
bmg23@gold29:~/214/projects/03$ java Switch

Enter the average grade: 65

Letter grade: D
bmg23@gold29:~/214/projects/03$ java Switch

Enter the average grade: 55

Letter grade: F
bmg23@gold29:~/214/projects/03$ exit

Script done on Wed 20 Feb 2019 11:28:54 AM EST
Script started on Wed 20 Feb 2019 11:34:11 AM EST
bmg23@gold29:~/214/projects/03$ cat switch.rb
## switch.clj
## Author: Brian Goins (bmg23)
## Date: 2/16/2019
###############################


#############################################
## Function letterGrade
## Input: average grade, Integer
## Output: letter grade, string
## Uses case statement to return letter grade.
##############################################

def letterGrade(average) 
    case (average / 10)
        when 9..10
            return "A"
        when 8..9
            return "B"
        when 7..8
            return "C" 
        when 6..7
            return "D"
        else 
            return "F"
    end
end  

if __FILE__ == $0 
    print "\nEnter average grade: "
    avgGrade = gets.chomp.to_f
    print "\nLetter Grade: "
    puts letterGrade(avgGrade)
    print "\n"
end bmg23@gold29:~/214/projects/03$ ruby switch.rb

Enter average grade: 100

Letter Grade: A

bmg23@gold29:~/214/projects/03$ ruby switch.rb

Enter average grade: 95

Letter Grade: A

bmg23@gold29:~/214/projects/03$ ruby switch.rb

Enter average grade: 85

Letter Grade: B

bmg23@gold29:~/214/projects/03$ ruby switch.rb

Enter average grade: 75

Letter Grade: C

bmg23@gold29:~/214/projects/03$ ruby switch.rb

Enter average grade: 65

Letter Grade: D

bmg23@gold29:~/214/projects/03$ ruby switch.rb

Enter average grade: 55

Letter Grade: F

bmg23@gold29:~/214/projects/03$ exit

Script done on Wed 20 Feb 2019 11:34:39 AM EST
